// Vitest Snapshot v1

exports[`ChannelList > renders as expected 1`] = `
<DocumentFragment>
  <div>
    <div
      class="p-2"
    >
      <button
        aria-expanded="false"
        aria-haspopup="menu"
        aria-label="Channels Sort Options"
        class="default-focus flex w-full items-center justify-between rounded-lg bg-gray-50 py-1 px-2 text-sm font-semibold"
        data-state="closed"
        id="radix-0"
        type="button"
      >
        <span
          class="flex items-center"
        >
          <svg
            class="h-4 w-4 text-gray-400"
            fill="none"
            viewBox="0 0 24 24"
            xmlns="http://www.w3.org/2000/svg"
          >
            <path
              class="fill-current"
              clip-rule="evenodd"
              d="M17.207 4.793a1 1 0 0 0-1.414 0l-3 3a1 1 0 0 0 1.414 1.414L15.5 7.914V17.5a1 1 0 1 0 2 0V7.914l1.293 1.293a1 1 0 1 0 1.414-1.414l-3-3ZM8.5 5.5a1 1 0 0 0-2 0v9.586l-1.293-1.293a1 1 0 0 0-1.414 1.414l3 3a1 1 0 0 0 1.414 0l3-3a1 1 0 0 0-1.414-1.414L8.5 15.086V5.5Z"
              fill-rule="evenodd"
            />
          </svg>
          <span
            class="mr-2 pl-1"
          >
            Sort: Arranged
          </span>
        </span>
        <svg
          class="h-4 w-4 text-gray-400"
          fill="none"
          viewBox="0 0 24 24"
          xmlns="http://www.w3.org/2000/svg"
        >
          <path
            class="stroke-current"
            d="m6 9 6 6 6-6"
            stroke-linecap="round"
            stroke-linejoin="round"
            stroke-width="2"
          />
        </svg>
      </button>
    </div>
    <ul
      class="space-y-1"
    />
  </div>
</DocumentFragment>
`;
