// Vitest Snapshot v1

exports[`ChatInput > renders as expected 1`] = `
<DocumentFragment>
  <div
    class="flex w-full items-end space-x-2"
  >
    <div
      class="flex-1"
    >
      <div
        class="relative flex items-end justify-end"
      >
        <div
          class="relative flex flex-none items-center justify-center rounded bg-black w-6 h-6 rounded p-1.5 mr-2"
          style="background-color: rgb(0, 0, 0);"
        >
          <svg
            class=""
            style="display: block; width: 12px; height: 12px;"
            version="1.1"
            viewBox="0 0 12 12"
            xmlns="http://www.w3.org/2000/svg"
          >
            <rect
              fill="#000000"
              height="12px"
              width="12px"
              x="0px"
              y="0px"
            />
            <g
              transform="matrix(0.046875,0,0,0.046875,0,0)"
            >
              <g
                fill="none"
                transform="matrix(1,0,0,1,0,0)"
              >
                <rect
                  dataisgeon="true"
                  fill="white"
                  height="128"
                  stroke="#000000"
                  stroke-linecap="square"
                  stroke-width="0.8px"
                  vector-effect="non-scaling-stroke"
                  width="128"
                />
              </g>
              <g
                fill="none"
                transform="matrix(1,0,0,1,128,0)"
              >
                <circle
                  cx="64"
                  cy="64"
                  dataisgeon="true"
                  fill="white"
                  r="64"
                  stroke="#000000"
                  stroke-linecap="square"
                  stroke-width="0.8px"
                  vector-effect="non-scaling-stroke"
                />
              </g>
              <g
                fill="none"
                transform="matrix(1,0,0,1,0,128)"
              >
                <path
                  d="M0.0541 0C70.7217 0.0292317 128 57.3256 128 128C57.3177 128 0.0164917 70.7089 7.62806e-06 0.0305091C7.62851e-06 0.0203397 -4.44317e-10 0.01017 0 0H0.0541Z"
                  dataisgeon="true"
                  fill="white"
                  stroke="#000000"
                  stroke-linecap="square"
                  stroke-width="0.8px"
                  vector-effect="non-scaling-stroke"
                />
              </g>
              <g
                fill="none"
                transform="matrix(1,0,0,1,128,128)"
              >
                <path
                  d="M64 128H0L5.59506e-06 0L64 5.59506e-06C99.3462 8.68512e-06 128 28.6538 128 64C128 99.3462 99.3462 128 64 128Z"
                  dataisgeon="true"
                  fill="white"
                  stroke="#000000"
                  stroke-linecap="square"
                  stroke-width="0.8px"
                  vector-effect="non-scaling-stroke"
                />
              </g>
            </g>
          </svg>
        </div>
        <div
          class="input block p-0 w-full break-words"
        >
          <div
            class="w-full"
          >
            <div
              aria-label="Message editor with formatting menu"
              class="ProseMirror input-inner"
              contenteditable="true"
              spellcheck="true"
              tabindex="0"
              translate="no"
            >
              <p
                class="is-empty is-editor-empty"
                data-placeholder="Message"
              >
                <br
                  class="ProseMirror-trailingBreak"
                />
              </p>
            </div>
          </div>
          <div
            class="pointer-events-none fixed"
          />
        </div>
      </div>
    </div>
    <button
      class="button"
      disabled=""
    >
      Send
    </button>
  </div>
</DocumentFragment>
`;
